
> compatair@0.1.0 check /Users/bluetouff/Desktop/DEV/CompatAir
> astro check

13:22:45 [content] Syncing content
13:22:46 [content] Synced content
13:22:46 [types] Generated 596ms
13:22:46 [check] Getting diagnostics for Astro files in /Users/bluetouff/Desktop/DEV/CompatAir...
[96mpublic/widget/v1/compatair-widget.js[0m:[93m74[0m:[93m12[0m - [93mwarning[0m[90m ts(80006): [0mThis may be converted to an async function.

[7m74[0m   function update(options) {
[7m  [0m [93m           ~~~~~~[0m

[96mpublic/widget/v1.0.0/compatair-widget.js[0m:[93m64[0m:[93m12[0m - [93mwarning[0m[90m ts(80006): [0mThis may be converted to an async function.

[7m64[0m   function update(options) {
[7m  [0m [93m           ~~~~~~[0m

[96mpublic/widget/v1.1.0/compatair-widget.js[0m:[93m74[0m:[93m12[0m - [93mwarning[0m[90m ts(80006): [0mThis may be converted to an async function.

[7m74[0m   function update(options) {
[7m  [0m [93m           ~~~~~~[0m

[96mscripts/lib/multi-brand-catalog-import.mjs[0m:[93m17[0m:[93m25[0m - [93mwarning[0m[90m ts(6385): [0m'(params?: unknown): ZodNumber' is deprecated.

[7m17[0m  tankLiters: z.number().finite().nonnegative(), maxPressureBar: positive,
[7m  [0m [93m                        ~~~~~~[0m
[96mscripts/lib/multi-brand-catalog-import.mjs[0m:[93m4[0m:[93m29[0m - [93mwarning[0m[90m ts(6385): [0m'(params?: unknown): ZodNumber' is deprecated.

[7m4[0m const positive = z.number().finite().positive();
[7m [0m [93m                            ~~~~~~[0m

[96mscripts/lib/technical-expansion-2026.test.mjs[0m:[93m44[0m:[93m5[0m - [93mwarning[0m[90m ts(6133): [0m'a' is declared but its value is never read.

[7m44[0m    (a, b) => { b.rows[1] = b.rows[0]; },
[7m  [0m [93m    ~[0m
[96mscripts/lib/technical-expansion-2026.test.mjs[0m:[93m42[0m:[93m5[0m - [93mwarning[0m[90m ts(6133): [0m'a' is declared but its value is never read.

[7m42[0m    (a, b) => { b.rows[0].workingPressureBar.typical = 7; },
[7m  [0m [93m    ~[0m
[96mscripts/lib/technical-expansion-2026.test.mjs[0m:[93m41[0m:[93m5[0m - [93mwarning[0m[90m ts(6133): [0m'a' is declared but its value is never read.

[7m41[0m    (a, b) => { b.rows[0].airflowLpm *= 60; },
[7m  [0m [93m    ~[0m
[96mscripts/lib/technical-expansion-2026.test.mjs[0m:[93m38[0m:[93m8[0m - [93mwarning[0m[90m ts(6133): [0m'b' is declared but its value is never read.

[7m38[0m    (a, b) => { a.rows.find(x => x.brand === 'Airpress').fadCurve = [{ pressureBar: 8, litersPerMinute: 250 }]; },
[7m  [0m [93m       ~[0m

Result (7037 files): 
- 0 errors
- 0 warnings
- 9 hints

